Archive member included to satisfy reference by file (symbol)

/home/kohki/st/stm32cubeide_1.11.0/plugins/com.st.stm32cube.ide.mcu.externaltools.gnu-tools-for-stm32.10.3-2021.10.linux64_1.0.100.202210260954/tools/bin/../lib/gcc/arm-none-eabi/10.3.1/../../../../arm-none-eabi/lib/thumb/v7e-m+fp/hard/libc_nano.a(lib_a-errno.o)
                              ./Core/Src/syscalls.o (__errno)
/home/kohki/st/stm32cubeide_1.11.0/plugins/com.st.stm32cube.ide.mcu.externaltools.gnu-tools-for-stm32.10.3-2021.10.linux64_1.0.100.202210260954/tools/bin/../lib/gcc/arm-none-eabi/10.3.1/../../../../arm-none-eabi/lib/thumb/v7e-m+fp/hard/libc_nano.a(lib_a-exit.o)
                              /home/kohki/st/stm32cubeide_1.11.0/plugins/com.st.stm32cube.ide.mcu.externaltools.gnu-tools-for-stm32.10.3-2021.10.linux64_1.0.100.202210260954/tools/bin/../lib/gcc/arm-none-eabi/10.3.1/../../../../arm-none-eabi/lib/thumb/v7e-m+fp/hard/crt0.o (exit)
/home/kohki/st/stm32cubeide_1.11.0/plugins/com.st.stm32cube.ide.mcu.externaltools.gnu-tools-for-stm32.10.3-2021.10.linux64_1.0.100.202210260954/tools/bin/../lib/gcc/arm-none-eabi/10.3.1/../../../../arm-none-eabi/lib/thumb/v7e-m+fp/hard/libc_nano.a(lib_a-impure.o)
                              /home/kohki/st/stm32cubeide_1.11.0/plugins/com.st.stm32cube.ide.mcu.externaltools.gnu-tools-for-stm32.10.3-2021.10.linux64_1.0.100.202210260954/tools/bin/../lib/gcc/arm-none-eabi/10.3.1/../../../../arm-none-eabi/lib/thumb/v7e-m+fp/hard/libc_nano.a(lib_a-exit.o) (_global_impure_ptr)
/home/kohki/st/stm32cubeide_1.11.0/plugins/com.st.stm32cube.ide.mcu.externaltools.gnu-tools-for-stm32.10.3-2021.10.linux64_1.0.100.202210260954/tools/bin/../lib/gcc/arm-none-eabi/10.3.1/../../../../arm-none-eabi/lib/thumb/v7e-m+fp/hard/libc_nano.a(lib_a-init.o)
                              /home/kohki/st/stm32cubeide_1.11.0/plugins/com.st.stm32cube.ide.mcu.externaltools.gnu-tools-for-stm32.10.3-2021.10.linux64_1.0.100.202210260954/tools/bin/../lib/gcc/arm-none-eabi/10.3.1/../../../../arm-none-eabi/lib/thumb/v7e-m+fp/hard/crt0.o (__libc_init_array)
/home/kohki/st/stm32cubeide_1.11.0/plugins/com.st.stm32cube.ide.mcu.externaltools.gnu-tools-for-stm32.10.3-2021.10.linux64_1.0.100.202210260954/tools/bin/../lib/gcc/arm-none-eabi/10.3.1/../../../../arm-none-eabi/lib/thumb/v7e-m+fp/hard/libc_nano.a(lib_a-memset.o)
                              /home/kohki/st/stm32cubeide_1.11.0/plugins/com.st.stm32cube.ide.mcu.externaltools.gnu-tools-for-stm32.10.3-2021.10.linux64_1.0.100.202210260954/tools/bin/../lib/gcc/arm-none-eabi/10.3.1/../../../../arm-none-eabi/lib/thumb/v7e-m+fp/hard/crt0.o (memset)
/home/kohki/st/stm32cubeide_1.11.0/plugins/com.st.stm32cube.ide.mcu.externaltools.gnu-tools-for-stm32.10.3-2021.10.linux64_1.0.100.202210260954/tools/bin/../lib/gcc/arm-none-eabi/10.3.1/thumb/v7e-m+fp/hard/libgcc.a(_aeabi_uldivmod.o)
                              ./Drivers/STM32F4xx_HAL_Driver/Src/stm32f4xx_hal_rcc.o (__aeabi_uldivmod)
/home/kohki/st/stm32cubeide_1.11.0/plugins/com.st.stm32cube.ide.mcu.externaltools.gnu-tools-for-stm32.10.3-2021.10.linux64_1.0.100.202210260954/tools/bin/../lib/gcc/arm-none-eabi/10.3.1/thumb/v7e-m+fp/hard/libgcc.a(_udivmoddi4.o)
                              /home/kohki/st/stm32cubeide_1.11.0/plugins/com.st.stm32cube.ide.mcu.externaltools.gnu-tools-for-stm32.10.3-2021.10.linux64_1.0.100.202210260954/tools/bin/../lib/gcc/arm-none-eabi/10.3.1/thumb/v7e-m+fp/hard/libgcc.a(_aeabi_uldivmod.o) (__udivmoddi4)
/home/kohki/st/stm32cubeide_1.11.0/plugins/com.st.stm32cube.ide.mcu.externaltools.gnu-tools-for-stm32.10.3-2021.10.linux64_1.0.100.202210260954/tools/bin/../lib/gcc/arm-none-eabi/10.3.1/thumb/v7e-m+fp/hard/libgcc.a(_dvmd_tls.o)
                              /home/kohki/st/stm32cubeide_1.11.0/plugins/com.st.stm32cube.ide.mcu.externaltools.gnu-tools-for-stm32.10.3-2021.10.linux64_1.0.100.202210260954/tools/bin/../lib/gcc/arm-none-eabi/10.3.1/thumb/v7e-m+fp/hard/libgcc.a(_aeabi_uldivmod.o) (__aeabi_ldiv0)

Discarded input sections

 .text          0x0000000000000000        0x0 /home/kohki/st/stm32cubeide_1.11.0/plugins/com.st.stm32cube.ide.mcu.externaltools.gnu-tools-for-stm32.10.3-2021.10.linux64_1.0.100.202210260954/tools/bin/../lib/gcc/arm-none-eabi/10.3.1/thumb/v7e-m+fp/hard/crti.o
 .data          0x0000000000000000        0x0 /home/kohki/st/stm32cubeide_1.11.0/plugins/com.st.stm32cube.ide.mcu.externaltools.gnu-tools-for-stm32.10.3-2021.10.linux64_1.0.100.202210260954/tools/bin/../lib/gcc/arm-none-eabi/10.3.1/thumb/v7e-m+fp/hard/crti.o
 .bss           0x0000000000000000        0x0 /home/kohki/st/stm32cubeide_1.11.0/plugins/com.st.stm32cube.ide.mcu.externaltools.gnu-tools-for-stm32.10.3-2021.10.linux64_1.0.100.202210260954/tools/bin/../lib/gcc/arm-none-eabi/10.3.1/thumb/v7e-m+fp/hard/crti.o
[...]
Memory Configuration

Name             Origin             Length             Attributes
RAM              0x0000000020000000 0x0000000000020000 xrw
FLASH            0x0000000008000000 0x0000000000080000 xr
*default*        0x0000000000000000 0xffffffffffffffff

Linker script and memory map

LOAD /home/kohki/st/stm32cubeide_1.11.0/plugins/com.st.stm32cube.ide.mcu.externaltools.gnu-tools-for-stm32.10.3-2021.10.linux64_1.0.100.202210260954/tools/bin/../lib/gcc/arm-none-eabi/10.3.1/thumb/v7e-m+fp/hard/crti.o
LOAD /home/kohki/st/stm32cubeide_1.11.0/plugins/com.st.stm32cube.ide.mcu.externaltools.gnu-tools-for-stm32.10.3-2021.10.linux64_1.0.100.202210260954/tools/bin/../lib/gcc/arm-none-eabi/10.3.1/thumb/v7e-m+fp/hard/crtbegin.o
LOAD /home/kohki/st/stm32cubeide_1.11.0/plugins/com.st.stm32cube.ide.mcu.externaltools.gnu-tools-for-stm32.10.3-2021.10.linux64_1.0.100.202210260954/tools/bin/../lib/gcc/arm-none-eabi/10.3.1/../../../../arm-none-eabi/lib/thumb/v7e-m+fp/hard/crt0.o
LOAD ./Core/Src/main.o
LOAD ./Core/Src/stm32f4xx_hal_msp.o
LOAD ./Core/Src/stm32f4xx_it.o
LOAD ./Core/Src/syscalls.o
LOAD ./Core/Src/sysmem.o
LOAD ./Core/Src/system_stm32f4xx.o
LOAD ./Core/Startup/startup_stm32f446retx.o
LOAD ./Drivers/STM32F4xx_HAL_Driver/Src/stm32f4xx_hal.o
LOAD ./Drivers/STM32F4xx_HAL_Driver/Src/stm32f4xx_hal_cortex.o
LOAD ./Drivers/STM32F4xx_HAL_Driver/Src/stm32f4xx_hal_dma.o
LOAD ./Drivers/STM32F4xx_HAL_Driver/Src/stm32f4xx_hal_dma_ex.o
LOAD ./Drivers/STM32F4xx_HAL_Driver/Src/stm32f4xx_hal_exti.o
LOAD ./Drivers/STM32F4xx_HAL_Driver/Src/stm32f4xx_hal_flash.o
LOAD ./Drivers/STM32F4xx_HAL_Driver/Src/stm32f4xx_hal_flash_ex.o
LOAD ./Drivers/STM32F4xx_HAL_Driver/Src/stm32f4xx_hal_flash_ramfunc.o
LOAD ./Drivers/STM32F4xx_HAL_Driver/Src/stm32f4xx_hal_gpio.o
LOAD ./Drivers/STM32F4xx_HAL_Driver/Src/stm32f4xx_hal_pwr.o
LOAD ./Drivers/STM32F4xx_HAL_Driver/Src/stm32f4xx_hal_pwr_ex.o
LOAD ./Drivers/STM32F4xx_HAL_Driver/Src/stm32f4xx_hal_rcc.o
LOAD ./Drivers/STM32F4xx_HAL_Driver/Src/stm32f4xx_hal_rcc_ex.o
LOAD ./Drivers/STM32F4xx_HAL_Driver/Src/stm32f4xx_hal_tim.o
LOAD ./Drivers/STM32F4xx_HAL_Driver/Src/stm32f4xx_hal_tim_ex.o
LOAD ./Drivers/STM32F4xx_HAL_Driver/Src/stm32f4xx_hal_uart.o
START GROUP
LOAD /home/kohki/st/stm32cubeide_1.11.0/plugins/com.st.stm32cube.ide.mcu.externaltools.gnu-tools-for-stm32.10.3-2021.10.linux64_1.0.100.202210260954/tools/bin/../lib/gcc/arm-none-eabi/10.3.1/../../../../arm-none-eabi/lib/thumb/v7e-m+fp/hard/libstdc++_nano.a
LOAD /home/kohki/st/stm32cubeide_1.11.0/plugins/com.st.stm32cube.ide.mcu.externaltools.gnu-tools-for-stm32.10.3-2021.10.linux64_1.0.100.202210260954/tools/bin/../lib/gcc/arm-none-eabi/10.3.1/../../../../arm-none-eabi/lib/thumb/v7e-m+fp/hard/libsupc++_nano.a
END GROUP
LOAD /home/kohki/st/stm32cubeide_1.11.0/plugins/com.st.stm32cube.ide.mcu.externaltools.gnu-tools-for-stm32.10.3-2021.10.linux64_1.0.100.202210260954/tools/bin/../lib/gcc/arm-none-eabi/10.3.1/../../../../arm-none-eabi/lib/thumb/v7e-m+fp/hard/libstdc++_nano.a
LOAD /home/kohki/st/stm32cubeide_1.11.0/plugins/com.st.stm32cube.ide.mcu.externaltools.gnu-tools-for-stm32.10.3-2021.10.linux64_1.0.100.202210260954/tools/bin/../lib/gcc/arm-none-eabi/10.3.1/../../../../arm-none-eabi/lib/thumb/v7e-m+fp/hard/libm.a
LOAD /home/kohki/st/stm32cubeide_1.11.0/plugins/com.st.stm32cube.ide.mcu.externaltools.gnu-tools-for-stm32.10.3-2021.10.linux64_1.0.100.202210260954/tools/bin/../lib/gcc/arm-none-eabi/10.3.1/../../../../arm-none-eabi/lib/thumb/v7e-m+fp/hard/libc_nano.a
START GROUP
LOAD /home/kohki/st/stm32cubeide_1.11.0/plugins/com.st.stm32cube.ide.mcu.externaltools.gnu-tools-for-stm32.10.3-2021.10.linux64_1.0.100.202210260954/tools/bin/../lib/gcc/arm-none-eabi/10.3.1/thumb/v7e-m+fp/hard/libgcc.a
LOAD /home/kohki/st/stm32cubeide_1.11.0/plugins/com.st.stm32cube.ide.mcu.externaltools.gnu-tools-for-stm32.10.3-2021.10.linux64_1.0.100.202210260954/tools/bin/../lib/gcc/arm-none-eabi/10.3.1/../../../../arm-none-eabi/lib/thumb/v7e-m+fp/hard/libc_nano.a
END GROUP
START GROUP
LOAD /home/kohki/st/stm32cubeide_1.11.0/plugins/com.st.stm32cube.ide.mcu.externaltools.gnu-tools-for-stm32.10.3-2021.10.linux64_1.0.100.202210260954/tools/bin/../lib/gcc/arm-none-eabi/10.3.1/thumb/v7e-m+fp/hard/libgcc.a
LOAD /home/kohki/st/stm32cubeide_1.11.0/plugins/com.st.stm32cube.ide.mcu.externaltools.gnu-tools-for-stm32.10.3-2021.10.linux64_1.0.100.202210260954/tools/bin/../lib/gcc/arm-none-eabi/10.3.1/../../../../arm-none-eabi/lib/thumb/v7e-m+fp/hard/libc_nano.a
LOAD /home/kohki/st/stm32cubeide_1.11.0/plugins/com.st.stm32cube.ide.mcu.externaltools.gnu-tools-for-stm32.10.3-2021.10.linux64_1.0.100.202210260954/tools/bin/../lib/gcc/arm-none-eabi/10.3.1/../../../../arm-none-eabi/lib/thumb/v7e-m+fp/hard/libnosys.a
END GROUP
START GROUP
LOAD /home/kohki/st/stm32cubeide_1.11.0/plugins/com.st.stm32cube.ide.mcu.externaltools.gnu-tools-for-stm32.10.3-2021.10.linux64_1.0.100.202210260954/tools/bin/../lib/gcc/arm-none-eabi/10.3.1/thumb/v7e-m+fp/hard/libgcc.a
LOAD /home/kohki/st/stm32cubeide_1.11.0/plugins/com.st.stm32cube.ide.mcu.externaltools.gnu-tools-for-stm32.10.3-2021.10.linux64_1.0.100.202210260954/tools/bin/../lib/gcc/arm-none-eabi/10.3.1/../../../../arm-none-eabi/lib/thumb/v7e-m+fp/hard/libc_nano.a
LOAD /home/kohki/st/stm32cubeide_1.11.0/plugins/com.st.stm32cube.ide.mcu.externaltools.gnu-tools-for-stm32.10.3-2021.10.linux64_1.0.100.202210260954/tools/bin/../lib/gcc/arm-none-eabi/10.3.1/../../../../arm-none-eabi/lib/thumb/v7e-m+fp/hard/libnosys.a
END GROUP
LOAD /home/kohki/st/stm32cubeide_1.11.0/plugins/com.st.stm32cube.ide.mcu.externaltools.gnu-tools-for-stm32.10.3-2021.10.linux64_1.0.100.202210260954/tools/bin/../lib/gcc/arm-none-eabi/10.3.1/thumb/v7e-m+fp/hard/crtend.o
LOAD /home/kohki/st/stm32cubeide_1.11.0/plugins/com.st.stm32cube.ide.mcu.externaltools.gnu-tools-for-stm32.10.3-2021.10.linux64_1.0.100.202210260954/tools/bin/../lib/gcc/arm-none-eabi/10.3.1/thumb/v7e-m+fp/hard/crtn.o
                0x0000000020020000                _estack = (ORIGIN (RAM) + LENGTH (RAM))
                0x0000000000000200                _Min_Heap_Size = 0x200
                0x0000000000000400                _Min_Stack_Size = 0x400

.isr_vector     0x0000000008000000      0x1c4
                0x0000000008000000                . = ALIGN (0x4)
 *(.isr_vector)
 .isr_vector    0x0000000008000000      0x1c4 ./Core/Startup/startup_stm32f446retx.o
                0x0000000008000000                g_pfnVectors
                0x00000000080001c4                . = ALIGN (0x4)

.text           0x00000000080001c4     0x2be4
                0x00000000080001c4                . = ALIGN (0x4)
 *(.text)
 .text          0x00000000080001c4       0x40 /home/kohki/st/stm32cubeide_1.11.0/plugins/com.st.stm32cube.ide.mcu.externaltools.gnu-tools-for-stm32.10.3-2021.10.linux64_1.0.100.202210260954/tools/bin/../lib/gcc/arm-none-eabi/10.3.1/thumb/v7e-m+fp/hard/crtbegin.o
 .text          0x0000000008000204       0x30 /home/kohki/st/stm32cubeide_1.11.0/plugins/com.st.stm32cube.ide.mcu.externaltools.gnu-tools-for-stm32.10.3-2021.10.linux64_1.0.100.202210260954/tools/bin/../lib/gcc/arm-none-eabi/10.3.1/thumb/v7e-m+fp/hard/libgcc.a(_aeabi_uldivmod.o)
                0x0000000008000204                __aeabi_uldivmod
 .text          0x0000000008000234      0x2d0 /home/kohki/st/stm32cubeide_1.11.0/plugins/com.st.stm32cube.ide.mcu.externaltools.gnu-tools-for-stm32.10.3-2021.10.linux64_1.0.100.202210260954/tools/bin/../lib/gcc/arm-none-eabi/10.3.1/thumb/v7e-m+fp/hard/libgcc.a(_udivmoddi4.o)
                0x0000000008000234                __udivmoddi4
 .text          0x0000000008000504        0x4 /home/kohki/st/stm32cubeide_1.11.0/plugins/com.st.stm32cube.ide.mcu.externaltools.gnu-tools-for-stm32.10.3-2021.10.linux64_1.0.100.202210260954/tools/bin/../lib/gcc/arm-none-eabi/10.3.1/thumb/v7e-m+fp/hard/libgcc.a(_dvmd_tls.o)
                0x0000000008000504                __aeabi_ldiv0
                0x0000000008000504                __aeabi_idiv0
 *(.text*)
 .text.main     0x0000000008000508       0xb0 ./Core/Src/main.o
                0x0000000008000508                main
 .text.SystemClock_Config
                0x00000000080005b8       0xe4 ./Core/Src/main.o
                0x00000000080005b8                SystemClock_Config
 .text.MX_USART2_UART_Init
                0x000000000800069c       0x54 ./Core/Src/main.o
 .text.MX_GPIO_Init
                0x00000000080006f0       0xdc ./Core/Src/main.o
 .text.HAL_UART_RxCpltCallback
                0x00000000080007cc       0x2c ./Core/Src/main.o
                0x00000000080007cc                HAL_UART_RxCpltCallback
 .text.Error_Handler
                0x00000000080007f8        0xa ./Core/Src/main.o
                0x00000000080007f8                Error_Handler
 *fill*         0x0000000008000802        0x2 
 .text.HAL_MspInit
                0x0000000008000804       0x50 ./Core/Src/stm32f4xx_hal_msp.o
                0x0000000008000804                HAL_MspInit
 .text.HAL_UART_MspInit
                0x0000000008000854       0xa0 ./Core/Src/stm32f4xx_hal_msp.o
                0x0000000008000854                HAL_UART_MspInit
 .text.NMI_Handler
                0x00000000080008f4        0x6 ./Core/Src/stm32f4xx_it.o
                0x00000000080008f4                NMI_Handler
 .text.HardFault_Handler
                0x00000000080008fa        0x6 ./Core/Src/stm32f4xx_it.o
                0x00000000080008fa                HardFault_Handler
 .text.MemManage_Handler
                0x0000000008000900        0x6 ./Core/Src/stm32f4xx_it.o
                0x0000000008000900                MemManage_Handler
 .text.BusFault_Handler
                0x0000000008000906        0x6 ./Core/Src/stm32f4xx_it.o
                0x0000000008000906                BusFault_Handler
 .text.UsageFault_Handler
                0x000000000800090c        0x6 ./Core/Src/stm32f4xx_it.o
                0x000000000800090c                UsageFault_Handler
 .text.SVC_Handler
                0x0000000008000912        0xe ./Core/Src/stm32f4xx_it.o
                0x0000000008000912                SVC_Handler
 .text.DebugMon_Handler
                0x0000000008000920        0xe ./Core/Src/stm32f4xx_it.o
                0x0000000008000920                DebugMon_Handler
 .text.PendSV_Handler
                0x000000000800092e        0xe ./Core/Src/stm32f4xx_it.o
                0x000000000800092e                PendSV_Handler
 .text.SysTick_Handler
                0x000000000800093c        0xc ./Core/Src/stm32f4xx_it.o
                0x000000000800093c                SysTick_Handler
 .text.USART2_IRQHandler
                0x0000000008000948       0x14 ./Core/Src/stm32f4xx_it.o
                0x0000000008000948                USART2_IRQHandler
 .text.SystemInit
                0x000000000800095c       0x24 ./Core/Src/system_stm32f4xx.o
                0x000000000800095c                SystemInit
 .text.Reset_Handler
                0x0000000008000980       0x50 ./Core/Startup/startup_stm32f446retx.o
                0x0000000008000980                Reset_Handler
 .text.Default_Handler
                0x00000000080009d0        0x2 ./Core/Startup/startup_stm32f446retx.o
                0x00000000080009d0                RTC_Alarm_IRQHandler
                0x00000000080009d0                EXTI2_IRQHandler
                0x00000000080009d0                TIM8_CC_IRQHandler
                0x00000000080009d0                FMPI2C1_EV_IRQHandler
                0x00000000080009d0                SPI4_IRQHandler
                0x00000000080009d0                TIM1_CC_IRQHandler
                0x00000000080009d0                DMA2_Stream5_IRQHandler
                0x00000000080009d0                DMA1_Stream5_IRQHandler
                0x00000000080009d0                PVD_IRQHandler
                0x00000000080009d0                SDIO_IRQHandler
                0x00000000080009d0                TAMP_STAMP_IRQHandler
                0x00000000080009d0                CAN2_RX1_IRQHandler
                0x00000000080009d0                EXTI3_IRQHandler
                0x00000000080009d0                TIM8_TRG_COM_TIM14_IRQHandler
                0x00000000080009d0                TIM1_UP_TIM10_IRQHandler
                0x00000000080009d0                TIM8_UP_TIM13_IRQHandler
                0x00000000080009d0                I2C3_ER_IRQHandler
                0x00000000080009d0                EXTI0_IRQHandler
                0x00000000080009d0                I2C2_EV_IRQHandler
                0x00000000080009d0                DMA1_Stream2_IRQHandler
                0x00000000080009d0                CAN1_RX0_IRQHandler
                0x00000000080009d0                FPU_IRQHandler
                0x00000000080009d0                OTG_HS_WKUP_IRQHandler
                0x00000000080009d0                CAN2_SCE_IRQHandler
                0x00000000080009d0                DMA2_Stream2_IRQHandler
                0x00000000080009d0                SPI1_IRQHandler
                0x00000000080009d0                TIM6_DAC_IRQHandler
                0x00000000080009d0                TIM1_BRK_TIM9_IRQHandler
                0x00000000080009d0                DCMI_IRQHandler
                0x00000000080009d0                CAN2_RX0_IRQHandler
                0x00000000080009d0                DMA2_Stream3_IRQHandler
                0x00000000080009d0                SAI2_IRQHandler
                0x00000000080009d0                USART6_IRQHandler
                0x00000000080009d0                USART3_IRQHandler
                0x00000000080009d0                CAN1_RX1_IRQHandler
                0x00000000080009d0                UART5_IRQHandler
                0x00000000080009d0                DMA2_Stream0_IRQHandler
                0x00000000080009d0                TIM4_IRQHandler
                0x00000000080009d0                QUADSPI_IRQHandler
                0x00000000080009d0                I2C1_EV_IRQHandler
                0x00000000080009d0                DMA1_Stream6_IRQHandler
                0x00000000080009d0                DMA1_Stream1_IRQHandler
                0x00000000080009d0                UART4_IRQHandler
                0x00000000080009d0                TIM3_IRQHandler
                0x00000000080009d0                RCC_IRQHandler
                0x00000000080009d0                TIM8_BRK_TIM12_IRQHandler
                0x00000000080009d0                Default_Handler
                0x00000000080009d0                CEC_IRQHandler
                0x00000000080009d0                EXTI15_10_IRQHandler
                0x00000000080009d0                ADC_IRQHandler
                0x00000000080009d0                DMA1_Stream7_IRQHandler
                0x00000000080009d0                TIM7_IRQHandler
                0x00000000080009d0                CAN2_TX_IRQHandler
                0x00000000080009d0                TIM5_IRQHandler
                0x00000000080009d0                DMA2_Stream7_IRQHandler
                0x00000000080009d0                I2C3_EV_IRQHandler
                0x00000000080009d0                EXTI9_5_IRQHandler
                0x00000000080009d0                RTC_WKUP_IRQHandler
                0x00000000080009d0                SPDIF_RX_IRQHandler
                0x00000000080009d0                SPI2_IRQHandler
                0x00000000080009d0                OTG_HS_EP1_IN_IRQHandler
                0x00000000080009d0                DMA1_Stream0_IRQHandler
                0x00000000080009d0                CAN1_TX_IRQHandler
                0x00000000080009d0                FMPI2C1_ER_IRQHandler
                0x00000000080009d0                EXTI4_IRQHandler
                0x00000000080009d0                OTG_HS_EP1_OUT_IRQHandler
                0x00000000080009d0                WWDG_IRQHandler
                0x00000000080009d0                TIM2_IRQHandler
                0x00000000080009d0                OTG_FS_WKUP_IRQHandler
                0x00000000080009d0                TIM1_TRG_COM_TIM11_IRQHandler
                0x00000000080009d0                OTG_HS_IRQHandler
                0x00000000080009d0                EXTI1_IRQHandler
                0x00000000080009d0                I2C2_ER_IRQHandler
                0x00000000080009d0                DMA2_Stream1_IRQHandler
                0x00000000080009d0                CAN1_SCE_IRQHandler
                0x00000000080009d0                FLASH_IRQHandler
                0x00000000080009d0                DMA2_Stream4_IRQHandler
                0x00000000080009d0                USART1_IRQHandler
                0x00000000080009d0                OTG_FS_IRQHandler
                0x00000000080009d0                SPI3_IRQHandler
                0x00000000080009d0                DMA1_Stream4_IRQHandler
                0x00000000080009d0                I2C1_ER_IRQHandler
                0x00000000080009d0                FMC_IRQHandler
                0x00000000080009d0                DMA2_Stream6_IRQHandler
                0x00000000080009d0                SAI1_IRQHandler
                0x00000000080009d0                DMA1_Stream3_IRQHandler
 *fill*         0x00000000080009d2        0x2 
 .text.HAL_Init
                0x00000000080009d4       0x44 ./Drivers/STM32F4xx_HAL_Driver/Src/stm32f4xx_hal.o
                0x00000000080009d4                HAL_Init
 .text.HAL_InitTick
                0x0000000008000a18       0x60 ./Drivers/STM32F4xx_HAL_Driver/Src/stm32f4xx_hal.o
                0x0000000008000a18                HAL_InitTick
 .text.HAL_IncTick
                0x0000000008000a78       0x28 ./Drivers/STM32F4xx_HAL_Driver/Src/stm32f4xx_hal.o
                0x0000000008000a78                HAL_IncTick
 .text.HAL_GetTick
                0x0000000008000aa0       0x18 ./Drivers/STM32F4xx_HAL_Driver/Src/stm32f4xx_hal.o
                0x0000000008000aa0                HAL_GetTick
 .text.HAL_Delay
                0x0000000008000ab8       0x48 ./Drivers/STM32F4xx_HAL_Driver/Src/stm32f4xx_hal.o
                0x0000000008000ab8                HAL_Delay
 .text.__NVIC_SetPriorityGrouping
                0x0000000008000b00       0x48 ./Drivers/STM32F4xx_HAL_Driver/Src/stm32f4xx_hal_cortex.o
 .text.__NVIC_GetPriorityGrouping
                0x0000000008000b48       0x1c ./Drivers/STM32F4xx_HAL_Driver/Src/stm32f4xx_hal_cortex.o
 .text.__NVIC_EnableIRQ
                0x0000000008000b64       0x3c ./Drivers/STM32F4xx_HAL_Driver/Src/stm32f4xx_hal_cortex.o
 .text.__NVIC_SetPriority
                0x0000000008000ba0       0x54 ./Drivers/STM32F4xx_HAL_Driver/Src/stm32f4xx_hal_cortex.o
 .text.NVIC_EncodePriority
                0x0000000008000bf4       0x66 ./Drivers/STM32F4xx_HAL_Driver/Src/stm32f4xx_hal_cortex.o
 *fill*         0x0000000008000c5a        0x2 
 .text.SysTick_Config
                0x0000000008000c5c       0x44 ./Drivers/STM32F4xx_HAL_Driver/Src/stm32f4xx_hal_cortex.o
 .text.HAL_NVIC_SetPriorityGrouping
                0x0000000008000ca0       0x16 ./Drivers/STM32F4xx_HAL_Driver/Src/stm32f4xx_hal_cortex.o
                0x0000000008000ca0                HAL_NVIC_SetPriorityGrouping
 .text.HAL_NVIC_SetPriority
                0x0000000008000cb6       0x38 ./Drivers/STM32F4xx_HAL_Driver/Src/stm32f4xx_hal_cortex.o
                0x0000000008000cb6                HAL_NVIC_SetPriority
 .text.HAL_NVIC_EnableIRQ
                0x0000000008000cee       0x1c ./Drivers/STM32F4xx_HAL_Driver/Src/stm32f4xx_hal_cortex.o
                0x0000000008000cee                HAL_NVIC_EnableIRQ
 .text.HAL_SYSTICK_Config
                0x0000000008000d0a       0x18 ./Drivers/STM32F4xx_HAL_Driver/Src/stm32f4xx_hal_cortex.o
                0x0000000008000d0a                HAL_SYSTICK_Config
 .text.HAL_DMA_Abort
                0x0000000008000d22       0xe0 ./Drivers/STM32F4xx_HAL_Driver/Src/stm32f4xx_hal_dma.o
                0x0000000008000d22                HAL_DMA_Abort
 .text.HAL_DMA_Abort_IT
                0x0000000008000e02       0x44 ./Drivers/STM32F4xx_HAL_Driver/Src/stm32f4xx_hal_dma.o
                0x0000000008000e02                HAL_DMA_Abort_IT
 *fill*         0x0000000008000e46        0x2 
 .text.HAL_GPIO_Init
                0x0000000008000e48      0x328 ./Drivers/STM32F4xx_HAL_Driver/Src/stm32f4xx_hal_gpio.o
                0x0000000008000e48                HAL_GPIO_Init
 .text.HAL_GPIO_WritePin
                0x0000000008001170       0x32 ./Drivers/STM32F4xx_HAL_Driver/Src/stm32f4xx_hal_gpio.o
                0x0000000008001170                HAL_GPIO_WritePin
 .text.HAL_GPIO_TogglePin
                0x00000000080011a2       0x34 ./Drivers/STM32F4xx_HAL_Driver/Src/stm32f4xx_hal_gpio.o
                0x00000000080011a2                HAL_GPIO_TogglePin
 *fill*         0x00000000080011d6        0x2 
 .text.HAL_PWREx_EnableOverDrive
                0x00000000080011d8       0xa0 ./Drivers/STM32F4xx_HAL_Driver/Src/stm32f4xx_hal_pwr_ex.o
                0x00000000080011d8                HAL_PWREx_EnableOverDrive
 .text.HAL_RCC_ClockConfig
                0x0000000008001278      0x1cc ./Drivers/STM32F4xx_HAL_Driver/Src/stm32f4xx_hal_rcc.o
                0x0000000008001278                HAL_RCC_ClockConfig
 .text.HAL_RCC_GetHCLKFreq
                0x0000000008001444       0x18 ./Drivers/STM32F4xx_HAL_Driver/Src/stm32f4xx_hal_rcc.o
                0x0000000008001444                HAL_RCC_GetHCLKFreq
 .text.HAL_RCC_GetPCLK1Freq
                0x000000000800145c       0x28 ./Drivers/STM32F4xx_HAL_Driver/Src/stm32f4xx_hal_rcc.o
                0x000000000800145c                HAL_RCC_GetPCLK1Freq
 .text.HAL_RCC_GetPCLK2Freq
                0x0000000008001484       0x28 ./Drivers/STM32F4xx_HAL_Driver/Src/stm32f4xx_hal_rcc.o
                0x0000000008001484                HAL_RCC_GetPCLK2Freq
 .text.HAL_RCC_GetSysClockFreq
                0x00000000080014ac      0x460 ./Drivers/STM32F4xx_HAL_Driver/Src/stm32f4xx_hal_rcc_ex.o
                0x00000000080014ac                HAL_RCC_GetSysClockFreq
 .text.HAL_RCC_OscConfig
                0x000000000800190c      0x53c ./Drivers/STM32F4xx_HAL_Driver/Src/stm32f4xx_hal_rcc_ex.o
                0x000000000800190c                HAL_RCC_OscConfig
 .text.HAL_UART_Init
                0x0000000008001e48       0x9a ./Drivers/STM32F4xx_HAL_Driver/Src/stm32f4xx_hal_uart.o
                0x0000000008001e48                HAL_UART_Init
 .text.HAL_UART_Receive_IT
                0x0000000008001ee2       0x60 ./Drivers/STM32F4xx_HAL_Driver/Src/stm32f4xx_hal_uart.o
                0x0000000008001ee2                HAL_UART_Receive_IT
 *fill*         0x0000000008001f42        0x2 
 .text.HAL_UART_IRQHandler
                0x0000000008001f44      0x51c ./Drivers/STM32F4xx_HAL_Driver/Src/stm32f4xx_hal_uart.o
                0x0000000008001f44                HAL_UART_IRQHandler
 .text.HAL_UART_TxCpltCallback
                0x0000000008002460       0x14 ./Drivers/STM32F4xx_HAL_Driver/Src/stm32f4xx_hal_uart.o
                0x0000000008002460                HAL_UART_TxCpltCallback
 .text.HAL_UART_ErrorCallback
                0x0000000008002474       0x14 ./Drivers/STM32F4xx_HAL_Driver/Src/stm32f4xx_hal_uart.o
                0x0000000008002474                HAL_UART_ErrorCallback
 .text.HAL_UARTEx_RxEventCallback
                0x0000000008002488       0x18 ./Drivers/STM32F4xx_HAL_Driver/Src/stm32f4xx_hal_uart.o
                0x0000000008002488                HAL_UARTEx_RxEventCallback
 .text.UART_Start_Receive_IT
                0x00000000080024a0       0x7c ./Drivers/STM32F4xx_HAL_Driver/Src/stm32f4xx_hal_uart.o
                0x00000000080024a0                UART_Start_Receive_IT
 .text.UART_EndRxTransfer
                0x000000000800251c       0xc6 ./Drivers/STM32F4xx_HAL_Driver/Src/stm32f4xx_hal_uart.o
 .text.UART_DMAAbortOnError
                0x00000000080025e2       0x28 ./Drivers/STM32F4xx_HAL_Driver/Src/stm32f4xx_hal_uart.o
 .text.UART_Transmit_IT
                0x000000000800260a       0xa0 ./Drivers/STM32F4xx_HAL_Driver/Src/stm32f4xx_hal_uart.o
 .text.UART_EndTransmit_IT
                0x00000000080026aa       0x30 ./Drivers/STM32F4xx_HAL_Driver/Src/stm32f4xx_hal_uart.o
 .text.UART_Receive_IT
                0x00000000080026da      0x176 ./Drivers/STM32F4xx_HAL_Driver/Src/stm32f4xx_hal_uart.o
 .text.UART_SetConfig
                0x0000000008002850      0x4e8 ./Drivers/STM32F4xx_HAL_Driver/Src/stm32f4xx_hal_uart.o
 .text.__libc_init_array
                0x0000000008002d38       0x48 /home/kohki/st/stm32cubeide_1.11.0/plugins/com.st.stm32cube.ide.mcu.externaltools.gnu-tools-for-stm32.10.3-2021.10.linux64_1.0.100.202210260954/tools/bin/../lib/gcc/arm-none-eabi/10.3.1/../../../../arm-none-eabi/lib/thumb/v7e-m+fp/hard/libc_nano.a(lib_a-init.o)
                0x0000000008002d38                __libc_init_array
 .text.memset   0x0000000008002d80       0x10 /home/kohki/st/stm32cubeide_1.11.0/plugins/com.st.stm32cube.ide.mcu.externaltools.gnu-tools-for-stm32.10.3-2021.10.linux64_1.0.100.202210260954/tools/bin/../lib/gcc/arm-none-eabi/10.3.1/../../../../arm-none-eabi/lib/thumb/v7e-m+fp/hard/libc_nano.a(lib_a-memset.o)
                0x0000000008002d80                memset
 *(.glue_7)
 .glue_7        0x0000000008002d90        0x0 linker stubs
 *(.glue_7t)
 .glue_7t       0x0000000008002d90        0x0 linker stubs
 *(.eh_frame)
 .eh_frame      0x0000000008002d90        0x0 /home/kohki/st/stm32cubeide_1.11.0/plugins/com.st.stm32cube.ide.mcu.externaltools.gnu-tools-for-stm32.10.3-2021.10.linux64_1.0.100.202210260954/tools/bin/../lib/gcc/arm-none-eabi/10.3.1/thumb/v7e-m+fp/hard/crtbegin.o
 *(.init)
 .init          0x0000000008002d90        0x4 /home/kohki/st/stm32cubeide_1.11.0/plugins/com.st.stm32cube.ide.mcu.externaltools.gnu-tools-for-stm32.10.3-2021.10.linux64_1.0.100.202210260954/tools/bin/../lib/gcc/arm-none-eabi/10.3.1/thumb/v7e-m+fp/hard/crti.o
                0x0000000008002d90                _init
 .init          0x0000000008002d94        0x8 /home/kohki/st/stm32cubeide_1.11.0/plugins/com.st.stm32cube.ide.mcu.externaltools.gnu-tools-for-stm32.10.3-2021.10.linux64_1.0.100.202210260954/tools/bin/../lib/gcc/arm-none-eabi/10.3.1/thumb/v7e-m+fp/hard/crtn.o
 *(.fini)
 .fini          0x0000000008002d9c        0x4 /home/kohki/st/stm32cubeide_1.11.0/plugins/com.st.stm32cube.ide.mcu.externaltools.gnu-tools-for-stm32.10.3-2021.10.linux64_1.0.100.202210260954/tools/bin/../lib/gcc/arm-none-eabi/10.3.1/thumb/v7e-m+fp/hard/crti.o
                0x0000000008002d9c                _fini
 .fini          0x0000000008002da0        0x8 /home/kohki/st/stm32cubeide_1.11.0/plugins/com.st.stm32cube.ide.mcu.externaltools.gnu-tools-for-stm32.10.3-2021.10.linux64_1.0.100.202210260954/tools/bin/../lib/gcc/arm-none-eabi/10.3.1/thumb/v7e-m+fp/hard/crtn.o
                0x0000000008002da8                . = ALIGN (0x4)
                0x0000000008002da8                _etext = .

.vfp11_veneer   0x0000000008002da8        0x0
 .vfp11_veneer  0x0000000008002da8        0x0 linker stubs

.v4_bx          0x0000000008002da8        0x0
 .v4_bx         0x0000000008002da8        0x0 linker stubs

.iplt           0x0000000008002da8        0x0
 .iplt          0x0000000008002da8        0x0 /home/kohki/st/stm32cubeide_1.11.0/plugins/com.st.stm32cube.ide.mcu.externaltools.gnu-tools-for-stm32.10.3-2021.10.linux64_1.0.100.202210260954/tools/bin/../lib/gcc/arm-none-eabi/10.3.1/thumb/v7e-m+fp/hard/crtbegin.o

.rodata         0x0000000008002da8       0x18
                0x0000000008002da8                . = ALIGN (0x4)
 *(.rodata)
 *(.rodata*)
 .rodata.AHBPrescTable
                0x0000000008002da8       0x10 ./Core/Src/system_stm32f4xx.o
                0x0000000008002da8                AHBPrescTable
 .rodata.APBPrescTable
                0x0000000008002db8        0x8 ./Core/Src/system_stm32f4xx.o
                0x0000000008002db8                APBPrescTable
                0x0000000008002dc0                . = ALIGN (0x4)

.ARM.extab      0x0000000008002dc0        0x0
                0x0000000008002dc0                . = ALIGN (0x4)
 *(.ARM.extab* .gnu.linkonce.armextab.*)
                0x0000000008002dc0                . = ALIGN (0x4)

.ARM            0x0000000008002dc0        0x8
                0x0000000008002dc0                . = ALIGN (0x4)
                0x0000000008002dc0                __exidx_start = .
 *(.ARM.exidx*)
 .ARM.exidx     0x0000000008002dc0        0x8 /home/kohki/st/stm32cubeide_1.11.0/plugins/com.st.stm32cube.ide.mcu.externaltools.gnu-tools-for-stm32.10.3-2021.10.linux64_1.0.100.202210260954/tools/bin/../lib/gcc/arm-none-eabi/10.3.1/thumb/v7e-m+fp/hard/libgcc.a(_udivmoddi4.o)
                0x0000000008002dc8                __exidx_end = .
                0x0000000008002dc8                . = ALIGN (0x4)

.rel.dyn        0x0000000008002dc8        0x0
 .rel.iplt      0x0000000008002dc8        0x0 /home/kohki/st/stm32cubeide_1.11.0/plugins/com.st.stm32cube.ide.mcu.externaltools.gnu-tools-for-stm32.10.3-2021.10.linux64_1.0.100.202210260954/tools/bin/../lib/gcc/arm-none-eabi/10.3.1/thumb/v7e-m+fp/hard/crtbegin.o

.preinit_array  0x0000000008002dc8        0x0
                0x0000000008002dc8                . = ALIGN (0x4)
                0x0000000008002dc8                PROVIDE (__preinit_array_start = .)
 *(.preinit_array*)
                0x0000000008002dc8                PROVIDE (__preinit_array_end = .)
                0x0000000008002dc8                . = ALIGN (0x4)

.init_array     0x0000000008002dc8        0x4
                0x0000000008002dc8                . = ALIGN (0x4)
                0x0000000008002dc8                PROVIDE (__init_array_start = .)
 *(SORT_BY_NAME(.init_array.*))
 *(.init_array*)
 .init_array    0x0000000008002dc8        0x4 /home/kohki/st/stm32cubeide_1.11.0/plugins/com.st.stm32cube.ide.mcu.externaltools.gnu-tools-for-stm32.10.3-2021.10.linux64_1.0.100.202210260954/tools/bin/../lib/gcc/arm-none-eabi/10.3.1/thumb/v7e-m+fp/hard/crtbegin.o
                0x0000000008002dcc                PROVIDE (__init_array_end = .)
                0x0000000008002dcc                . = ALIGN (0x4)

.fini_array     0x0000000008002dcc        0x4
                0x0000000008002dcc                . = ALIGN (0x4)
                [!provide]                        PROVIDE (__fini_array_start = .)
 *(SORT_BY_NAME(.fini_array.*))
 *(.fini_array*)
 .fini_array    0x0000000008002dcc        0x4 /home/kohki/st/stm32cubeide_1.11.0/plugins/com.st.stm32cube.ide.mcu.externaltools.gnu-tools-for-stm32.10.3-2021.10.linux64_1.0.100.202210260954/tools/bin/../lib/gcc/arm-none-eabi/10.3.1/thumb/v7e-m+fp/hard/crtbegin.o
                [!provide]                        PROVIDE (__fini_array_end = .)
                0x0000000008002dd0                . = ALIGN (0x4)
                0x0000000008002dd0                _sidata = LOADADDR (.data)

.data           0x0000000020000000        0xc load address 0x0000000008002dd0
                0x0000000020000000                . = ALIGN (0x4)
                0x0000000020000000                _sdata = .
 *(.data)
 *(.data*)
 .data.SystemCoreClock
                0x0000000020000000        0x4 ./Core/Src/system_stm32f4xx.o
                0x0000000020000000                SystemCoreClock
 .data.uwTickPrio
                0x0000000020000004        0x4 ./Drivers/STM32F4xx_HAL_Driver/Src/stm32f4xx_hal.o
                0x0000000020000004                uwTickPrio
 .data.uwTickFreq
                0x0000000020000008        0x1 ./Drivers/STM32F4xx_HAL_Driver/Src/stm32f4xx_hal.o
                0x0000000020000008                uwTickFreq
 *(.RamFunc)
 *(.RamFunc*)
                0x000000002000000c                . = ALIGN (0x4)
 *fill*         0x0000000020000009        0x3 
                0x000000002000000c                _edata = .

.igot.plt       0x000000002000000c        0x0 load address 0x0000000008002ddc
 .igot.plt      0x000000002000000c        0x0 /home/kohki/st/stm32cubeide_1.11.0/plugins/com.st.stm32cube.ide.mcu.externaltools.gnu-tools-for-stm32.10.3-2021.10.linux64_1.0.100.202210260954/tools/bin/../lib/gcc/arm-none-eabi/10.3.1/thumb/v7e-m+fp/hard/crtbegin.o
                0x000000002000000c                . = ALIGN (0x4)

.bss            0x000000002000000c       0x6c load address 0x0000000008002ddc
                0x000000002000000c                _sbss = .
                0x000000002000000c                __bss_start__ = _sbss
 *(.bss)
 .bss           0x000000002000000c       0x1c /home/kohki/st/stm32cubeide_1.11.0/plugins/com.st.stm32cube.ide.mcu.externaltools.gnu-tools-for-stm32.10.3-2021.10.linux64_1.0.100.202210260954/tools/bin/../lib/gcc/arm-none-eabi/10.3.1/thumb/v7e-m+fp/hard/crtbegin.o
 *(.bss*)
 .bss.huart2    0x0000000020000028       0x44 ./Core/Src/main.o
                0x0000000020000028                huart2
 .bss.gUartReceived
                0x000000002000006c        0x4 ./Core/Src/main.o
                0x000000002000006c                gUartReceived
 .bss.rcvBuffer
                0x0000000020000070        0x2 ./Core/Src/main.o
                0x0000000020000070                rcvBuffer
 .bss.count     0x0000000020000072        0x1 ./Core/Src/main.o
                0x0000000020000072                count
 *fill*         0x0000000020000073        0x1 
 .bss.uwTick    0x0000000020000074        0x4 ./Drivers/STM32F4xx_HAL_Driver/Src/stm32f4xx_hal.o
                0x0000000020000074                uwTick
 *(COMMON)
                0x0000000020000078                . = ALIGN (0x4)
                0x0000000020000078                _ebss = .
                0x0000000020000078                __bss_end__ = _ebss

._user_heap_stack
                0x0000000020000078      0x600 load address 0x0000000008002ddc
                0x0000000020000078                . = ALIGN (0x8)
                [!provide]                        PROVIDE (end = .)
                0x0000000020000078                PROVIDE (_end = .)
                0x0000000020000278                . = (. + _Min_Heap_Size)
 *fill*         0x0000000020000078      0x200 
                0x0000000020000678                . = (. + _Min_Stack_Size)
 *fill*         0x0000000020000278      0x400 
                0x0000000020000678                . = ALIGN (0x8)

/DISCARD/
 libc.a(*)
 libm.a(*)
 libgcc.a(*)

.ARM.attributes
                0x0000000000000000       0x30
 *(.ARM.attributes)
 .ARM.attributes
                0x0000000000000000       0x1e /home/kohki/st/stm32cubeide_1.11.0/plugins/com.st.stm32cube.ide.mcu.externaltools.gnu-tools-for-stm32.10.3-2021.10.linux64_1.0.100.202210260954/tools/bin/../lib/gcc/arm-none-eabi/10.3.1/thumb/v7e-m+fp/hard/crti.o
 .ARM.attributes
                0x000000000000001e       0x34 /home/kohki/st/stm32cubeide_1.11.0/plugins/com.st.stm32cube.ide.mcu.externaltools.gnu-tools-for-stm32.10.3-2021.10.linux64_1.0.100.202210260954/tools/bin/../lib/gcc/arm-none-eabi/10.3.1/thumb/v7e-m+fp/hard/crtbegin.o
 .ARM.attributes
                0x0000000000000052       0x34 ./Core/Src/main.o
 .ARM.attributes
                0x0000000000000086       0x34 ./Core/Src/stm32f4xx_hal_msp.o
 .ARM.attributes
                0x00000000000000ba       0x34 ./Core/Src/stm32f4xx_it.o
 .ARM.attributes
                0x00000000000000ee       0x34 ./Core/Src/system_stm32f4xx.o
 .ARM.attributes
                0x0000000000000122       0x21 ./Core/Startup/startup_stm32f446retx.o
 .ARM.attributes
                0x0000000000000143       0x34 ./Drivers/STM32F4xx_HAL_Driver/Src/stm32f4xx_hal.o
 .ARM.attributes
                0x0000000000000177       0x34 ./Drivers/STM32F4xx_HAL_Driver/Src/stm32f4xx_hal_cortex.o
 .ARM.attributes
                0x00000000000001ab       0x34 ./Drivers/STM32F4xx_HAL_Driver/Src/stm32f4xx_hal_dma.o
 .ARM.attributes
                0x00000000000001df       0x34 ./Drivers/STM32F4xx_HAL_Driver/Src/stm32f4xx_hal_gpio.o
 .ARM.attributes
                0x0000000000000213       0x34 ./Drivers/STM32F4xx_HAL_Driver/Src/stm32f4xx_hal_pwr_ex.o
 .ARM.attributes
                0x0000000000000247       0x34 ./Drivers/STM32F4xx_HAL_Driver/Src/stm32f4xx_hal_rcc.o
 .ARM.attributes
                0x000000000000027b       0x34 ./Drivers/STM32F4xx_HAL_Driver/Src/stm32f4xx_hal_rcc_ex.o
 .ARM.attributes
                0x00000000000002af       0x34 ./Drivers/STM32F4xx_HAL_Driver/Src/stm32f4xx_hal_uart.o
 .ARM.attributes
                0x00000000000002e3       0x34 /home/kohki/st/stm32cubeide_1.11.0/plugins/com.st.stm32cube.ide.mcu.externaltools.gnu-tools-for-stm32.10.3-2021.10.linux64_1.0.100.202210260954/tools/bin/../lib/gcc/arm-none-eabi/10.3.1/../../../../arm-none-eabi/lib/thumb/v7e-m+fp/hard/libc_nano.a(lib_a-init.o)
 .ARM.attributes
                0x0000000000000317       0x34 /home/kohki/st/stm32cubeide_1.11.0/plugins/com.st.stm32cube.ide.mcu.externaltools.gnu-tools-for-stm32.10.3-2021.10.linux64_1.0.100.202210260954/tools/bin/../lib/gcc/arm-none-eabi/10.3.1/../../../../arm-none-eabi/lib/thumb/v7e-m+fp/hard/libc_nano.a(lib_a-memset.o)
 .ARM.attributes
                0x000000000000034b       0x1e /home/kohki/st/stm32cubeide_1.11.0/plugins/com.st.stm32cube.ide.mcu.externaltools.gnu-tools-for-stm32.10.3-2021.10.linux64_1.0.100.202210260954/tools/bin/../lib/gcc/arm-none-eabi/10.3.1/thumb/v7e-m+fp/hard/libgcc.a(_aeabi_uldivmod.o)
 .ARM.attributes
                0x0000000000000369       0x34 /home/kohki/st/stm32cubeide_1.11.0/plugins/com.st.stm32cube.ide.mcu.externaltools.gnu-tools-for-stm32.10.3-2021.10.linux64_1.0.100.202210260954/tools/bin/../lib/gcc/arm-none-eabi/10.3.1/thumb/v7e-m+fp/hard/libgcc.a(_udivmoddi4.o)
 .ARM.attributes
                0x000000000000039d       0x1e /home/kohki/st/stm32cubeide_1.11.0/plugins/com.st.stm32cube.ide.mcu.externaltools.gnu-tools-for-stm32.10.3-2021.10.linux64_1.0.100.202210260954/tools/bin/../lib/gcc/arm-none-eabi/10.3.1/thumb/v7e-m+fp/hard/libgcc.a(_dvmd_tls.o)
 .ARM.attributes
                0x00000000000003bb       0x1e /home/kohki/st/stm32cubeide_1.11.0/plugins/com.st.stm32cube.ide.mcu.externaltools.gnu-tools-for-stm32.10.3-2021.10.linux64_1.0.100.202210260954/tools/bin/../lib/gcc/arm-none-eabi/10.3.1/thumb/v7e-m+fp/hard/crtn.o
OUTPUT(uart_3.elf elf32-littlearm)
LOAD linker stubs
LOAD /home/kohki/st/stm32cubeide_1.11.0/plugins/com.st.stm32cube.ide.mcu.externaltools.gnu-tools-for-stm32.10.3-2021.10.linux64_1.0.100.202210260954/tools/bin/../lib/gcc/arm-none-eabi/10.3.1/../../../../arm-none-eabi/lib/thumb/v7e-m+fp/hard/libc.a
LOAD /home/kohki/st/stm32cubeide_1.11.0/plugins/com.st.stm32cube.ide.mcu.externaltools.gnu-tools-for-stm32.10.3-2021.10.linux64_1.0.100.202210260954/tools/bin/../lib/gcc/arm-none-eabi/10.3.1/../../../../arm-none-eabi/lib/thumb/v7e-m+fp/hard/libm.a
LOAD /home/kohki/st/stm32cubeide_1.11.0/plugins/com.st.stm32cube.ide.mcu.externaltools.gnu-tools-for-stm32.10.3-2021.10.linux64_1.0.100.202210260954/tools/bin/../lib/gcc/arm-none-eabi/10.3.1/thumb/v7e-m+fp/hard/libgcc.a

.debug_info     0x0000000000000000     0x9add
 .debug_info    0x0000000000000000      0xd46 ./Core/Src/main.o
 .debug_info    0x0000000000000d46      0xc48 ./Core/Src/stm32f4xx_hal_msp.o
 .debug_info    0x000000000000198e      0x665 ./Core/Src/stm32f4xx_it.o
 .debug_info    0x0000000000001ff3      0x55b ./Core/Src/system_stm32f4xx.o
 .debug_info    0x000000000000254e       0x22 ./Core/Startup/startup_stm32f446retx.o
 .debug_info    0x0000000000002570      0x9d2 ./Drivers/STM32F4xx_HAL_Driver/Src/stm32f4xx_hal.o
 .debug_info    0x0000000000002f42      0xe39 ./Drivers/STM32F4xx_HAL_Driver/Src/stm32f4xx_hal_cortex.o
 .debug_info    0x0000000000003d7b      0x94f ./Drivers/STM32F4xx_HAL_Driver/Src/stm32f4xx_hal_dma.o
 .debug_info    0x00000000000046ca      0x7be ./Drivers/STM32F4xx_HAL_Driver/Src/stm32f4xx_hal_gpio.o
 .debug_info    0x0000000000004e88      0x702 ./Drivers/STM32F4xx_HAL_Driver/Src/stm32f4xx_hal_pwr_ex.o
 .debug_info    0x000000000000558a      0x9ab ./Drivers/STM32F4xx_HAL_Driver/Src/stm32f4xx_hal_rcc.o
 .debug_info    0x0000000000005f35      0x9ec ./Drivers/STM32F4xx_HAL_Driver/Src/stm32f4xx_hal_rcc_ex.o
 .debug_info    0x0000000000006921     0x31bc ./Drivers/STM32F4xx_HAL_Driver/Src/stm32f4xx_hal_uart.o

.debug_abbrev   0x0000000000000000     0x1966
 .debug_abbrev  0x0000000000000000      0x27b ./Core/Src/main.o
 .debug_abbrev  0x000000000000027b      0x1b9 ./Core/Src/stm32f4xx_hal_msp.o
 .debug_abbrev  0x0000000000000434      0x166 ./Core/Src/stm32f4xx_it.o
 .debug_abbrev  0x000000000000059a      0x116 ./Core/Src/system_stm32f4xx.o
 .debug_abbrev  0x00000000000006b0       0x12 ./Core/Startup/startup_stm32f446retx.o
 .debug_abbrev  0x00000000000006c2      0x20d ./Drivers/STM32F4xx_HAL_Driver/Src/stm32f4xx_hal.o
 .debug_abbrev  0x00000000000008cf      0x316 ./Drivers/STM32F4xx_HAL_Driver/Src/stm32f4xx_hal_cortex.o
 .debug_abbrev  0x0000000000000be5      0x25b ./Drivers/STM32F4xx_HAL_Driver/Src/stm32f4xx_hal_dma.o
 .debug_abbrev  0x0000000000000e40      0x1c4 ./Drivers/STM32F4xx_HAL_Driver/Src/stm32f4xx_hal_gpio.o
 .debug_abbrev  0x0000000000001004      0x1c9 ./Drivers/STM32F4xx_HAL_Driver/Src/stm32f4xx_hal_pwr_ex.o
 .debug_abbrev  0x00000000000011cd      0x2aa ./Drivers/STM32F4xx_HAL_Driver/Src/stm32f4xx_hal_rcc.o
 .debug_abbrev  0x0000000000001477      0x1fb ./Drivers/STM32F4xx_HAL_Driver/Src/stm32f4xx_hal_rcc_ex.o
 .debug_abbrev  0x0000000000001672      0x2f4 ./Drivers/STM32F4xx_HAL_Driver/Src/stm32f4xx_hal_uart.o

.debug_aranges  0x0000000000000000      0x780
 .debug_aranges
                0x0000000000000000       0x48 ./Core/Src/main.o
 .debug_aranges
                0x0000000000000048       0x30 ./Core/Src/stm32f4xx_hal_msp.o
 .debug_aranges
                0x0000000000000078       0x68 ./Core/Src/stm32f4xx_it.o
 .debug_aranges
                0x00000000000000e0       0x28 ./Core/Src/system_stm32f4xx.o
 .debug_aranges
                0x0000000000000108       0x28 ./Core/Startup/startup_stm32f446retx.o
 .debug_aranges
                0x0000000000000130       0xf0 ./Drivers/STM32F4xx_HAL_Driver/Src/stm32f4xx_hal.o
 .debug_aranges
                0x0000000000000220      0x118 ./Drivers/STM32F4xx_HAL_Driver/Src/stm32f4xx_hal_cortex.o
 .debug_aranges
                0x0000000000000338       0x90 ./Drivers/STM32F4xx_HAL_Driver/Src/stm32f4xx_hal_dma.o
 .debug_aranges
                0x00000000000003c8       0x58 ./Drivers/STM32F4xx_HAL_Driver/Src/stm32f4xx_hal_gpio.o
 .debug_aranges
                0x0000000000000420       0x60 ./Drivers/STM32F4xx_HAL_Driver/Src/stm32f4xx_hal_pwr_ex.o
 .debug_aranges
                0x0000000000000480       0x88 ./Drivers/STM32F4xx_HAL_Driver/Src/stm32f4xx_hal_rcc.o
 .debug_aranges
                0x0000000000000508       0x78 ./Drivers/STM32F4xx_HAL_Driver/Src/stm32f4xx_hal_rcc_ex.o
 .debug_aranges
                0x0000000000000580      0x200 ./Drivers/STM32F4xx_HAL_Driver/Src/stm32f4xx_hal_uart.o

.debug_ranges   0x0000000000000000      0x6e8
 .debug_ranges  0x0000000000000000       0x38 ./Core/Src/main.o
 .debug_ranges  0x0000000000000038       0x20 ./Core/Src/stm32f4xx_hal_msp.o
 .debug_ranges  0x0000000000000058       0x58 ./Core/Src/stm32f4xx_it.o
 .debug_ranges  0x00000000000000b0       0x18 ./Core/Src/system_stm32f4xx.o
 .debug_ranges  0x00000000000000c8       0x20 ./Core/Startup/startup_stm32f446retx.o
 .debug_ranges  0x00000000000000e8       0xe0 ./Drivers/STM32F4xx_HAL_Driver/Src/stm32f4xx_hal.o
 .debug_ranges  0x00000000000001c8      0x108 ./Drivers/STM32F4xx_HAL_Driver/Src/stm32f4xx_hal_cortex.o
 .debug_ranges  0x00000000000002d0       0x80 ./Drivers/STM32F4xx_HAL_Driver/Src/stm32f4xx_hal_dma.o
 .debug_ranges  0x0000000000000350       0x48 ./Drivers/STM32F4xx_HAL_Driver/Src/stm32f4xx_hal_gpio.o
 .debug_ranges  0x0000000000000398       0x50 ./Drivers/STM32F4xx_HAL_Driver/Src/stm32f4xx_hal_pwr_ex.o
 .debug_ranges  0x00000000000003e8       0x78 ./Drivers/STM32F4xx_HAL_Driver/Src/stm32f4xx_hal_rcc.o
 .debug_ranges  0x0000000000000460       0x68 ./Drivers/STM32F4xx_HAL_Driver/Src/stm32f4xx_hal_rcc_ex.o
 .debug_ranges  0x00000000000004c8      0x220 ./Drivers/STM32F4xx_HAL_Driver/Src/stm32f4xx_hal_uart.o

.debug_macro    0x0000000000000000    0x204c0
 .debug_macro   0x0000000000000000      0x1cf ./Core/Src/main.o
 .debug_macro   0x00000000000001cf      0xa78 ./Core/Src/main.o
 .debug_macro   0x0000000000000c47      0x295 ./Core/Src/main.o
 .debug_macro   0x0000000000000edc       0x2e ./Core/Src/main.o
 .debug_macro   0x0000000000000f0a       0x28 ./Core/Src/main.o
 .debug_macro   0x0000000000000f32       0x22 ./Core/Src/main.o
 .debug_macro   0x0000000000000f54       0x8e ./Core/Src/main.o
 .debug_macro   0x0000000000000fe2       0x51 ./Core/Src/main.o
 .debug_macro   0x0000000000001033      0x103 ./Core/Src/main.o
 .debug_macro   0x0000000000001136       0x6a ./Core/Src/main.o
 .debug_macro   0x00000000000011a0      0x1df ./Core/Src/main.o
 .debug_macro   0x000000000000137f       0x1c ./Core/Src/main.o
 .debug_macro   0x000000000000139b       0x22 ./Core/Src/main.o
 .debug_macro   0x00000000000013bd       0xd9 ./Core/Src/main.o
 .debug_macro   0x0000000000001496     0x102d ./Core/Src/main.o
 .debug_macro   0x00000000000024c3      0x11f ./Core/Src/main.o
 .debug_macro   0x00000000000025e2    0x16749 ./Core/Src/main.o
 .debug_macro   0x0000000000018d2b       0x6d ./Core/Src/main.o
 .debug_macro   0x0000000000018d98     0x367e ./Core/Src/main.o
 .debug_macro   0x000000000001c416      0x174 ./Core/Src/main.o
 .debug_macro   0x000000000001c58a       0x5c ./Core/Src/main.o
 .debug_macro   0x000000000001c5e6      0xc90 ./Core/Src/main.o
 .debug_macro   0x000000000001d276      0x9fe ./Core/Src/main.o
 .debug_macro   0x000000000001dc74      0x115 ./Core/Src/main.o
 .debug_macro   0x000000000001dd89      0x1a0 ./Core/Src/main.o
 .debug_macro   0x000000000001df29       0xa5 ./Core/Src/main.o
 .debug_macro   0x000000000001dfce      0x16d ./Core/Src/main.o
 .debug_macro   0x000000000001e13b      0x287 ./Core/Src/main.o
 .debug_macro   0x000000000001e3c2       0x5f ./Core/Src/main.o
 .debug_macro   0x000000000001e421      0x236 ./Core/Src/main.o
 .debug_macro   0x000000000001e657      0x132 ./Core/Src/main.o
 .debug_macro   0x000000000001e789      0x29c ./Core/Src/main.o
 .debug_macro   0x000000000001ea25       0x2e ./Core/Src/main.o
 .debug_macro   0x000000000001ea53      0x11a ./Core/Src/main.o
 .debug_macro   0x000000000001eb6d       0xe8 ./Core/Src/main.o
 .debug_macro   0x000000000001ec55       0x89 ./Core/Src/main.o
 .debug_macro   0x000000000001ecde      0x295 ./Core/Src/main.o
 .debug_macro   0x000000000001ef73      0x126 ./Core/Src/main.o
 .debug_macro   0x000000000001f099       0x58 ./Core/Src/main.o
 .debug_macro   0x000000000001f0f1      0x1c9 ./Core/Src/stm32f4xx_hal_msp.o
 .debug_macro   0x000000000001f2ba      0x1d3 ./Core/Src/stm32f4xx_it.o
 .debug_macro   0x000000000001f48d      0x1ba ./Core/Src/system_stm32f4xx.o
 .debug_macro   0x000000000001f647      0x21a ./Drivers/STM32F4xx_HAL_Driver/Src/stm32f4xx_hal.o
 .debug_macro   0x000000000001f861      0x1ba ./Drivers/STM32F4xx_HAL_Driver/Src/stm32f4xx_hal_cortex.o
 .debug_macro   0x000000000001fa1b      0x1c0 ./Drivers/STM32F4xx_HAL_Driver/Src/stm32f4xx_hal_dma.o
 .debug_macro   0x000000000001fbdb      0x1c0 ./Drivers/STM32F4xx_HAL_Driver/Src/stm32f4xx_hal_gpio.o
 .debug_macro   0x000000000001fd9b      0x1d2 ./Drivers/STM32F4xx_HAL_Driver/Src/stm32f4xx_hal_pwr_ex.o
 .debug_macro   0x000000000001ff6d      0x1de ./Drivers/STM32F4xx_HAL_Driver/Src/stm32f4xx_hal_rcc.o
 .debug_macro   0x000000000002014b      0x1ba ./Drivers/STM32F4xx_HAL_Driver/Src/stm32f4xx_hal_rcc_ex.o
 .debug_macro   0x0000000000020305      0x1bb ./Drivers/STM32F4xx_HAL_Driver/Src/stm32f4xx_hal_uart.o

.debug_line     0x0000000000000000     0xa02b
 .debug_line    0x0000000000000000      0x7e5 ./Core/Src/main.o
 .debug_line    0x00000000000007e5      0x6db ./Core/Src/stm32f4xx_hal_msp.o
 .debug_line    0x0000000000000ec0      0x765 ./Core/Src/stm32f4xx_it.o
 .debug_line    0x0000000000001625      0x70c ./Core/Src/system_stm32f4xx.o
 .debug_line    0x0000000000001d31       0x88 ./Core/Startup/startup_stm32f446retx.o
 .debug_line    0x0000000000001db9      0x972 ./Drivers/STM32F4xx_HAL_Driver/Src/stm32f4xx_hal.o
 .debug_line    0x000000000000272b      0xc21 ./Drivers/STM32F4xx_HAL_Driver/Src/stm32f4xx_hal_cortex.o
 .debug_line    0x000000000000334c      0xed6 ./Drivers/STM32F4xx_HAL_Driver/Src/stm32f4xx_hal_dma.o
 .debug_line    0x0000000000004222      0xad2 ./Drivers/STM32F4xx_HAL_Driver/Src/stm32f4xx_hal_gpio.o
 .debug_line    0x0000000000004cf4      0x8a1 ./Drivers/STM32F4xx_HAL_Driver/Src/stm32f4xx_hal_pwr_ex.o
 .debug_line    0x0000000000005595      0xcfa ./Drivers/STM32F4xx_HAL_Driver/Src/stm32f4xx_hal_rcc.o
 .debug_line    0x000000000000628f     0x1385 ./Drivers/STM32F4xx_HAL_Driver/Src/stm32f4xx_hal_rcc_ex.o
 .debug_line    0x0000000000007614     0x2a17 ./Drivers/STM32F4xx_HAL_Driver/Src/stm32f4xx_hal_uart.o

.debug_str      0x0000000000000000    0xc46d8
 .debug_str     0x0000000000000000    0xc2579 ./Core/Src/main.o
                                      0xc2865 (size before relaxing)
 .debug_str     0x00000000000c2579      0x5c5 ./Core/Src/stm32f4xx_hal_msp.o
                                      0xc2b87 (size before relaxing)
 .debug_str     0x00000000000c2b3e       0xef ./Core/Src/stm32f4xx_it.o
                                      0xc24e7 (size before relaxing)
 .debug_str     0x00000000000c2c2d       0xdb ./Core/Src/system_stm32f4xx.o
                                      0xc2088 (size before relaxing)
 .debug_str     0x00000000000c2d08       0x36 ./Core/Startup/startup_stm32f446retx.o
                                         0x63 (size before relaxing)
 .debug_str     0x00000000000c2d3e      0x5f0 ./Drivers/STM32F4xx_HAL_Driver/Src/stm32f4xx_hal.o
                                      0xc2c4d (size before relaxing)
 .debug_str     0x00000000000c332e      0x32d ./Drivers/STM32F4xx_HAL_Driver/Src/stm32f4xx_hal_cortex.o
                                      0xc295b (size before relaxing)
 .debug_str     0x00000000000c365b      0x322 ./Drivers/STM32F4xx_HAL_Driver/Src/stm32f4xx_hal_dma.o
                                      0xc247d (size before relaxing)
 .debug_str     0x00000000000c397d      0x10e ./Drivers/STM32F4xx_HAL_Driver/Src/stm32f4xx_hal_gpio.o
                                      0xc2203 (size before relaxing)
 .debug_str     0x00000000000c3a8b      0x135 ./Drivers/STM32F4xx_HAL_Driver/Src/stm32f4xx_hal_pwr_ex.o
                                      0xc2260 (size before relaxing)
 .debug_str     0x00000000000c3bc0      0x233 ./Drivers/STM32F4xx_HAL_Driver/Src/stm32f4xx_hal_rcc.o
                                      0xc24c1 (size before relaxing)
 .debug_str     0x00000000000c3df3      0x31c ./Drivers/STM32F4xx_HAL_Driver/Src/stm32f4xx_hal_rcc_ex.o
                                      0xc24f4 (size before relaxing)
 .debug_str     0x00000000000c410f      0x5c9 ./Drivers/STM32F4xx_HAL_Driver/Src/stm32f4xx_hal_uart.o
                                      0xc2a36 (size before relaxing)

.comment        0x0000000000000000       0x50
 .comment       0x0000000000000000       0x50 ./Core/Src/main.o
                                         0x51 (size before relaxing)
 .comment       0x0000000000000050       0x51 ./Core/Src/stm32f4xx_hal_msp.o
 .comment       0x0000000000000050       0x51 ./Core/Src/stm32f4xx_it.o
 .comment       0x0000000000000050       0x51 ./Core/Src/system_stm32f4xx.o
 .comment       0x0000000000000050       0x51 ./Drivers/STM32F4xx_HAL_Driver/Src/stm32f4xx_hal.o
 .comment       0x0000000000000050       0x51 ./Drivers/STM32F4xx_HAL_Driver/Src/stm32f4xx_hal_cortex.o
 .comment       0x0000000000000050       0x51 ./Drivers/STM32F4xx_HAL_Driver/Src/stm32f4xx_hal_dma.o
 .comment       0x0000000000000050       0x51 ./Drivers/STM32F4xx_HAL_Driver/Src/stm32f4xx_hal_gpio.o
 .comment       0x0000000000000050       0x51 ./Drivers/STM32F4xx_HAL_Driver/Src/stm32f4xx_hal_pwr_ex.o
 .comment       0x0000000000000050       0x51 ./Drivers/STM32F4xx_HAL_Driver/Src/stm32f4xx_hal_rcc.o
 .comment       0x0000000000000050       0x51 ./Drivers/STM32F4xx_HAL_Driver/Src/stm32f4xx_hal_rcc_ex.o
 .comment       0x0000000000000050       0x51 ./Drivers/STM32F4xx_HAL_Driver/Src/stm32f4xx_hal_uart.o

.debug_frame    0x0000000000000000     0x1d6c
 .debug_frame   0x0000000000000000       0xd0 ./Core/Src/main.o
 .debug_frame   0x00000000000000d0       0x7c ./Core/Src/stm32f4xx_hal_msp.o
 .debug_frame   0x000000000000014c      0x120 ./Core/Src/stm32f4xx_it.o
 .debug_frame   0x000000000000026c       0x58 ./Core/Src/system_stm32f4xx.o
 .debug_frame   0x00000000000002c4      0x374 ./Drivers/STM32F4xx_HAL_Driver/Src/stm32f4xx_hal.o
 .debug_frame   0x0000000000000638      0x498 ./Drivers/STM32F4xx_HAL_Driver/Src/stm32f4xx_hal_cortex.o
 .debug_frame   0x0000000000000ad0      0x250 ./Drivers/STM32F4xx_HAL_Driver/Src/stm32f4xx_hal_dma.o
 .debug_frame   0x0000000000000d20      0x14c ./Drivers/STM32F4xx_HAL_Driver/Src/stm32f4xx_hal_gpio.o
 .debug_frame   0x0000000000000e6c      0x14c ./Drivers/STM32F4xx_HAL_Driver/Src/stm32f4xx_hal_pwr_ex.o
 .debug_frame   0x0000000000000fb8      0x1f4 ./Drivers/STM32F4xx_HAL_Driver/Src/stm32f4xx_hal_rcc.o
 .debug_frame   0x00000000000011ac      0x1e8 ./Drivers/STM32F4xx_HAL_Driver/Src/stm32f4xx_hal_rcc_ex.o
 .debug_frame   0x0000000000001394      0x92c ./Drivers/STM32F4xx_HAL_Driver/Src/stm32f4xx_hal_uart.o
 .debug_frame   0x0000000000001cc0       0x2c /home/kohki/st/stm32cubeide_1.11.0/plugins/com.st.stm32cube.ide.mcu.externaltools.gnu-tools-for-stm32.10.3-2021.10.linux64_1.0.100.202210260954/tools/bin/../lib/gcc/arm-none-eabi/10.3.1/../../../../arm-none-eabi/lib/thumb/v7e-m+fp/hard/libc_nano.a(lib_a-init.o)
 .debug_frame   0x0000000000001cec       0x20 /home/kohki/st/stm32cubeide_1.11.0/plugins/com.st.stm32cube.ide.mcu.externaltools.gnu-tools-for-stm32.10.3-2021.10.linux64_1.0.100.202210260954/tools/bin/../lib/gcc/arm-none-eabi/10.3.1/../../../../arm-none-eabi/lib/thumb/v7e-m+fp/hard/libc_nano.a(lib_a-memset.o)
 .debug_frame   0x0000000000001d0c       0x2c /home/kohki/st/stm32cubeide_1.11.0/plugins/com.st.stm32cube.ide.mcu.externaltools.gnu-tools-for-stm32.10.3-2021.10.linux64_1.0.100.202210260954/tools/bin/../lib/gcc/arm-none-eabi/10.3.1/thumb/v7e-m+fp/hard/libgcc.a(_aeabi_uldivmod.o)
 .debug_frame   0x0000000000001d38       0x34 /home/kohki/st/stm32cubeide_1.11.0/plugins/com.st.stm32cube.ide.mcu.externaltools.gnu-tools-for-stm32.10.3-2021.10.linux64_1.0.100.202210260954/tools/bin/../lib/gcc/arm-none-eabi/10.3.1/thumb/v7e-m+fp/hard/libgcc.a(_udivmoddi4.o)
