16:17:53 **** Incremental Build of configuration Debug for project uart_2 ****
make -j12 all 
arm-none-eabi-gcc "../Core/Src/main.c" -mcpu=cortex-m4 -std=gnu11 -g3 -DDEBUG -DUSE_HAL_DRIVER -DSTM32F446xx -c -I../Core/Inc -I../Drivers/STM32F4xx_HAL_Driver/Inc -I../Drivers/STM32F4xx_HAL_Driver/Inc/Legacy -I../Drivers/CMSIS/Device/ST/STM32F4xx/Include -I../Drivers/CMSIS/Include -O0 -ffunction-sections -fdata-sections -Wall -fstack-usage -MMD -MP -MF"Core/Src/main.d" -MT"Core/Src/main.o" --specs=nano.specs -mfpu=fpv4-sp-d16 -mfloat-abi=hard -mthumb -o "Core/Src/main.o"
arm-none-eabi-g++ -o "uart_2.elf" @"objects.list"   -mcpu=cortex-m4 -T"/home/kohki/Desktop/yaminabe_ws/uart_2/STM32F446RETX_FLASH.ld" --specs=nosys.specs -Wl,-Map="uart_2.map" -Wl,--gc-sections -static --specs=nano.specs -mfpu=fpv4-sp-d16 -mfloat-abi=hard -mthumb -Wl,--start-group -lc -lm -lstdc++ -lsupc++ -Wl,--end-group
Finished building target: uart_2.elf
 
arm-none-eabi-size   uart_2.elf 
arm-none-eabi-objdump -h -S  uart_2.elf  > "uart_2.list"
   text	   data	    bss	    dec	    hex	filename
  11428	     20	   1900	  13348	   3424	uart_2.elf
Finished building: default.size.stdout
 
Finished building: uart_2.list
 

16:17:54 Build Finished. 0 errors, 0 warnings. (took 762ms)

