16:46:26 **** Incremental Build of configuration Debug for project uart_1 ****
make -j12 all 
arm-none-eabi-gcc "../Core/Src/main.c" -mcpu=cortex-m4 -std=gnu11 -g3 -DDEBUG -DUSE_HAL_DRIVER -DSTM32F446xx -c -I../Core/Inc -I../Drivers/STM32F4xx_HAL_Driver/Inc -I../Drivers/STM32F4xx_HAL_Driver/Inc/Legacy -I../Drivers/CMSIS/Device/ST/STM32F4xx/Include -I../Drivers/CMSIS/Include -O0 -ffunction-sections -fdata-sections -Wall -fstack-usage -MMD -MP -MF"Core/Src/main.d" -MT"Core/Src/main.o" --specs=nano.specs -mfpu=fpv4-sp-d16 -mfloat-abi=hard -mthumb -o "Core/Src/main.o"
arm-none-eabi-g++ -o "uart_1.elf" @"objects.list"   -mcpu=cortex-m4 -T"/home/kohki/Desktop/yaminabe_ws/uart_1/STM32F446RETX_FLASH.ld" --specs=nosys.specs -Wl,-Map="uart_1.map" -Wl,--gc-sections -static --specs=nano.specs -mfpu=fpv4-sp-d16 -mfloat-abi=hard -mthumb -Wl,--start-group -lc -lm -lstdc++ -lsupc++ -Wl,--end-group
Finished building target: uart_1.elf
 
arm-none-eabi-size   uart_1.elf 
arm-none-eabi-objdump -h -S  uart_1.elf  > "uart_1.list"
   text	   data	    bss	    dec	    hex	filename
  11520	     20	   2044	  13584	   3510	uart_1.elf
Finished building: default.size.stdout
 
Finished building: uart_1.list
 

16:46:26 Build Finished. 0 errors, 0 warnings. (took 367ms)

