17:54:58 **** Incremental Build of configuration Debug for project uart_3 ****
make -j12 all 
arm-none-eabi-gcc "../Core/Src/main.c" -mcpu=cortex-m4 -std=gnu11 -g3 -DDEBUG -DUSE_HAL_DRIVER -DSTM32F446xx -c -I../Core/Inc -I/usr/include/c++ -I../Drivers/STM32F4xx_HAL_Driver/Inc -I../Drivers/STM32F4xx_HAL_Driver/Inc/Legacy -I../Drivers/CMSIS/Device/ST/STM32F4xx/Include -I../Drivers/CMSIS/Include -O0 -ffunction-sections -fdata-sections -Wall -fstack-usage -MMD -MP -MF"Core/Src/main.d" -MT"Core/Src/main.o" --specs=nano.specs -mfpu=fpv4-sp-d16 -mfloat-abi=hard -mthumb -o "Core/Src/main.o"
arm-none-eabi-g++ -o "uart_3.elf" @"objects.list"   -mcpu=cortex-m4 -T"/home/kohki/Desktop/yaminabe_ws/uart_3/STM32F446RETX_FLASH.ld" --specs=nosys.specs -Wl,-Map="uart_3.map" -Wl,--gc-sections -static --specs=nano.specs -mfpu=fpv4-sp-d16 -mfloat-abi=hard -mthumb -Wl,--start-group -lc -lm -lstdc++ -lsupc++ -Wl,--end-group
Finished building target: uart_3.elf
 
arm-none-eabi-size   uart_3.elf 
arm-none-eabi-objdump -h -S  uart_3.elf  > "uart_3.list"
   text	   data	    bss	    dec	    hex	filename
  11720	     20	   1644	  13384	   3448	uart_3.elf
Finished building: default.size.stdout
 
Finished building: uart_3.list
 

17:55:00 Build Finished. 0 errors, 0 warnings. (took 1s.216ms)

